// Vitest Snapshot v1, https://vitest.dev/guide/snapshot.html

exports[`rasterizeGlyph > renders a capital I as a solid vertical bar with serifs at 24 dots 1`] = `
"...........
##########.
....##.....
....##.....
....##.....
....##.....
....##.....
....##.....
....##.....
....##.....
....##.....
....##.....
....##.....
....##.....
....##.....
....##.....
##########.
##########."
`;
